c:\users\alumnos\desktop\carpeta de diego\pintrocomputografico\pintroco.df58189e\x64\debug\vc143.pdb
c:\users\alumnos\desktop\carpeta de diego\pintrocomputografico\pintroco.df58189e\x64\debug\vc143.idb
c:\users\alumnos\desktop\carpeta de diego\pintrocomputografico\pintroco.df58189e\x64\debug\triangulo.obj
c:\users\alumnos\desktop\carpeta de diego\pintrocomputografico\pintroco.df58189e\x64\debug\pintrocomputografico.obj
c:\users\alumnos\desktop\carpeta de diego\pintrocomputografico\pintroco.df58189e\x64\debug\pelota.obj
c:\users\alumnos\desktop\carpeta de diego\pintrocomputografico\pintroco.df58189e\x64\debug\gameobject.obj
c:\users\alumnos\desktop\carpeta de diego\pintrocomputografico\pintroco.df58189e\x64\debug\funcionesdibujolinea.obj
c:\users\alumnos\desktop\carpeta de diego\pintrocomputografico\pintroco.df58189e\x64\debug\figuras.obj
c:\users\alumnos\desktop\carpeta de diego\pintrocomputografico\pintroco.df58189e\x64\debug\cuadrado.obj
c:\users\alumnos\desktop\carpeta de diego\pintrocomputografico\pintroco.df58189e\x64\debug\circulo.obj
c:\users\alumnos\desktop\carpeta de diego\pintrocomputografico\x64\debug\pintrocomputografico.exe
c:\users\alumnos\desktop\carpeta de diego\pintrocomputografico\x64\debug\pintrocomputografico.pdb
c:\users\estudiante\desktop\carpeta de diego jiménez (el chido)\pintrocomputografico\x64\debug\raylib.dll
c:\users\estudiante\desktop\carpeta de diego jiménez (el chido)\pintrocomputografico\x64\debug\glfw3.dll
c:\users\alumnos\desktop\carpeta de diego\pintrocomputografico\x64\debug\raylib.dll
c:\users\alumnos\desktop\carpeta de diego\pintrocomputografico\x64\debug\glfw3.dll
c:\users\alumnos\desktop\carpeta de diego\pintrocomputografico\pintroco.df58189e\x64\debug\pintrocomputografico.ilk
c:\users\alumnos\desktop\carpeta de diego\pintrocomputografico\pintroco.df58189e\x64\debug\pintroco.df58189e.tlog\cl.command.1.tlog
c:\users\alumnos\desktop\carpeta de diego\pintrocomputografico\pintroco.df58189e\x64\debug\pintroco.df58189e.tlog\cl.items.tlog
c:\users\alumnos\desktop\carpeta de diego\pintrocomputografico\pintroco.df58189e\x64\debug\pintroco.df58189e.tlog\cl.read.1.tlog
c:\users\alumnos\desktop\carpeta de diego\pintrocomputografico\pintroco.df58189e\x64\debug\pintroco.df58189e.tlog\cl.write.1.tlog
c:\users\alumnos\desktop\carpeta de diego\pintrocomputografico\pintroco.df58189e\x64\debug\pintroco.df58189e.tlog\link.command.1.tlog
c:\users\alumnos\desktop\carpeta de diego\pintrocomputografico\pintroco.df58189e\x64\debug\pintroco.df58189e.tlog\link.read.1.tlog
c:\users\alumnos\desktop\carpeta de diego\pintrocomputografico\pintroco.df58189e\x64\debug\pintroco.df58189e.tlog\link.secondary.1.tlog
c:\users\alumnos\desktop\carpeta de diego\pintrocomputografico\pintroco.df58189e\x64\debug\pintroco.df58189e.tlog\link.write.1.tlog
c:\users\alumnos\desktop\carpeta de diego\pintrocomputografico\pintroco.df58189e\x64\debug\pintroco.df58189e.tlog\pintrocomputografico.write.1u.tlog
